[gdacres.com/index.html]
[gdacres.com/assets/img/gd-icon.png]
[gdacres.com/assets/css/owl.carousel.min.css]
[gdacres.com/assets/css/owl.theme.default.min.css]
[gdacres.com/assets/fonts/flaticon.css]
[gdacres.com/assets/css/boxicons.min.css]
[gdacres.com/assets/css/animate.min.css]
[gdacres.com/assets/css/bootstrap.min.css]
[gdacres.com/assets/css/meanmenu.css]
[gdacres.com/assets/css/style.css]
[gdacres.com/assets/css/responsive.css]
[gdacres.com/assets/css/theme-dark.css]
[backblue.gif]
[fade.gif]
[index.html]
[gdacres.com/assets/img/remove.png]
[gdacres.com/assets/img/logos/gd-acres-trans.webp]
[gdacres.com/assets/img/slide1.jpg]
[gdacres.com/assets/img/slide2.jpg]
[gdacres.com/assets/img/slide3.jpg]
[gdacres.com/assets/img/home3/2.jpg]
[gdacres.com/assets/img/map.jpg]
[gdacres.com/assets/img/house/gdhills-plot-comp.jpg]
[gdacres.com/assets/img/house/plot-l.jpg]
[gdacres.com/assets/img/gd-hills.jpg]
[gdacres.com/assets/img/sold1.jpg]
[gdacres.com/assets/img/sold 2.jpg]
[gdacres.com/index-2.html]
[gdacres.com/assets/js/jquery.min.js]
[gdacres.com/assets/js/bootstrap.bundle.min.js]
[gdacres.com/assets/js/meanmenu.js]
[gdacres.com/assets/js/owl.carousel.min.js]
[gdacres.com/assets/js/carousel-thumbs.js]
[gdacres.com/assets/js/wow.min.js]
[gdacres.com/assets/js/form-validator.min.js]
[gdacres.com/assets/js/custom.js]
[gdacres.com/index.html]
[gdacres.com/index-3.html]
[gdacres.com/assets/css/bootstrap.min.css]
[gdacres.com/assets/css/owl.video.play.html]
[gdacres.com/assets/css/owl.carousel.min.css]
[gdacres.com/assets/css/owl.theme.default.min.css]
[gdacres.com/assets/fonts/Flaticon.eot]
[gdacres.com/assets/fonts/Flaticond41dd41d.eot]
[gdacres.com/assets/fonts/Flaticon.woff2]
[gdacres.com/assets/fonts/Flaticon.woff]
[gdacres.com/assets/fonts/Flaticon.ttf]
[gdacres.com/assets/fonts/flaticon.css]
[gdacres.com/assets/fonts/boxicons.eot]
[gdacres.com/assets/fonts/Flaticon.svg]
[gdacres.com/assets/fonts/boxicons.woff2]
[gdacres.com/assets/fonts/boxicons.woff]
[gdacres.com/assets/fonts/boxicons.ttf]
[gdacres.com/assets/css/boxicons.min.css]
[gdacres.com/assets/css/animate.min.css]
[gdacres.com/assets/css/meanmenu.css]
[gdacres.com/assets/img/home2/3.html]
[gdacres.com/assets/img/home2/2.html]
[gdacres.com/assets/img/home2/1.html]
[gdacres.com/assets/fonts/boxiconsd41dd41d.svg]
[gdacres.com/assets/img/home3/shape.png]
[gdacres.com/assets/img/inner-banner/1.html]
[gdacres.com/assets/img/inner-banner/2.html]
[gdacres.com/assets/img/inner-banner/3.html]
[gdacres.com/assets/img/inner-banner/4.html]
[gdacres.com/assets/img/inner-banner/5.html]
[gdacres.com/assets/img/inner-banner/6.html]
[gdacres.com/assets/img/inner-banner/7.html]
[gdacres.com/assets/img/inner-banner/8.html]
[gdacres.com/assets/img/inner-banner/9.html]
[gdacres.com/assets/img/inner-banner/10.html]
[gdacres.com/assets/img/inner-banner/11.html]
[gdacres.com/assets/img/inner-banner/12.html]
[gdacres.com/assets/img/project/bg-1.html]
[gdacres.com/assets/img/project/bg-2.html]
[gdacres.com/assets/img/project-details/shape.html]
[gdacres.com/assets/img/project-details/shape2.html]
[gdacres.com/assets/img/half-circle.png]
[gdacres.com/assets/img/innovation-bg.jpg]
[gdacres.com/assets/img/team/shape.html]
[gdacres.com/assets/img/counter-shape.png]
[gdacres.com/assets/img/apartment/apartment-bg.jpg]
[gdacres.com/assets/img/footer-bg.jpg]
[gdacres.com/assets/img/contact-bg.html]
[gdacres.com/assets/css/style.css]
[gdacres.com/assets/css/responsive.css]
[gdacres.com/assets/img/night.html]
[gdacres.com/assets/img/sunny.html]
[gdacres.com/assets/css/theme-dark.css]
[gdacres.com/index-2.html]
[gdacres.com/index-3.html]
[gdacres.com/assets/css/owl.video.play.html]
[gdacres.com/assets/fonts/Flaticon.svg]
[gdacres.com/assets/fonts/boxiconsd41dd41d.svg]
[gdacres.com/assets/img/home2/3.html]
[gdacres.com/assets/img/home2/2.html]
[gdacres.com/assets/img/home2/1.html]
[gdacres.com/assets/img/inner-banner/1.html]
[gdacres.com/assets/img/inner-banner/2.html]
[gdacres.com/assets/img/inner-banner/3.html]
[gdacres.com/assets/img/inner-banner/4.html]
[gdacres.com/assets/img/inner-banner/5.html]
[gdacres.com/assets/img/inner-banner/6.html]
[gdacres.com/assets/img/inner-banner/7.html]
[gdacres.com/assets/img/inner-banner/8.html]
[gdacres.com/assets/img/inner-banner/9.html]
[gdacres.com/assets/img/inner-banner/10.html]
[gdacres.com/assets/img/inner-banner/11.html]
[gdacres.com/assets/img/inner-banner/12.html]
[gdacres.com/assets/img/project/bg-1.html]
[gdacres.com/assets/img/project/bg-2.html]
[gdacres.com/assets/img/project-details/shape.html]
[gdacres.com/assets/img/project-details/shape2.html]
[gdacres.com/assets/img/team/shape.html]
[gdacres.com/assets/img/contact-bg.html]
[gdacres.com/assets/img/night.html]
[gdacres.com/assets/img/sunny.html]
